---
source: tests/integration.rs
expression: output
---
[
  {"severity":"warning","code":"WILDCARD_ORDER","rule":"wildcard-host-order","line":4,"file":null,"message":"Host 'github.com' appears after 'Host *' (line 1); it will never match because Host * already matched","hint":"move Host * to the end of the file"},
  {"severity":"warning","code":"DUP_HOST","rule":"duplicate-host","line":7,"file":null,"message":"duplicate Host block 'github.com' (first seen at line 4)","hint":"remove one of the duplicate Host blocks"},
  {"severity":"warning","code":"WILDCARD_ORDER","rule":"wildcard-host-order","line":7,"file":null,"message":"Host 'github.com' appears after 'Host *' (line 1); it will never match because Host * already matched","hint":"move Host * to the end of the file"}
]
