---
source: tests/integration.rs
expression: output
---
[{"code":"WILDCARD_ORDER","documentation":"https://sshconfig-lint.apps.thiering.org/en/rules/wildcard-host-order","file":null,"hint":"move Host * to the end of the file","line":4,"message":"Host 'github.com' appears after 'Host *' (line 1); it will never match because Host * already matched","rule":"wildcard-host-order","severity":"warning"},{"code":"DUP_HOST","documentation":"https://sshconfig-lint.apps.thiering.org/en/rules/duplicate-host","file":null,"hint":"remove one of the duplicate Host blocks","line":7,"message":"duplicate Host block 'github.com' (first seen at line 4)","rule":"duplicate-host","severity":"warning"},{"code":"WILDCARD_ORDER","documentation":"https://sshconfig-lint.apps.thiering.org/en/rules/wildcard-host-order","file":null,"hint":"move Host * to the end of the file","line":7,"message":"Host 'github.com' appears after 'Host *' (line 1); it will never match because Host * already matched","rule":"wildcard-host-order","severity":"warning"}]
